
===========================================================================
report_checks -path_delay max (Setup)
============================================================================
Startpoint: resetn (input port clocked by clk)
Endpoint: mem_la_read (output port clocked by clk)
Path Group: clk
Path Type: max

Fanout     Cap    Slew   Delay    Time   Description
-----------------------------------------------------------------------------
                  0.15    0.00    0.00   clock clk (rise edge)
                          0.00    0.00   clock network delay (ideal)
                          4.80    4.80 ^ input external delay
                  0.31    0.24    5.04 ^ resetn (in)
     2    0.07                           resetn (net)
                  0.32    0.00    5.04 ^ _15035_/A (sky130_fd_sc_hd__buf_1)
                  0.32    0.33    5.37 ^ _15035_/X (sky130_fd_sc_hd__buf_1)
     6    0.03                           _08515_ (net)
                  0.32    0.00    5.37 ^ _15459_/A (sky130_fd_sc_hd__and2_2)
                  0.04    0.21    5.59 ^ _15459_/X (sky130_fd_sc_hd__and2_2)
     1    0.00                           _08923_ (net)
                  0.04    0.00    5.59 ^ _15460_/A (sky130_fd_sc_hd__buf_1)
                  0.98    0.75    6.34 ^ _15460_/X (sky130_fd_sc_hd__buf_1)
     2    0.03                           mem_la_read (net)
                  0.98    0.03    6.37 ^ mem_la_read (out)
                                  6.37   data arrival time

                  0.15   24.00   24.00   clock clk (rise edge)
                          0.00   24.00   clock network delay (ideal)
                         -0.25   23.75   clock uncertainty
                          0.00   23.75   clock reconvergence pessimism
                         -4.80   18.95   output external delay
                                 18.95   data required time
-----------------------------------------------------------------------------
                                 18.95   data required time
                                 -6.37   data arrival time
-----------------------------------------------------------------------------
                                 12.58   slack (MET)


Startpoint: _30607_ (rising edge-triggered flip-flop clocked by clk)
Endpoint: _30234_ (rising edge-triggered flip-flop clocked by clk)
Path Group: clk
Path Type: max

Fanout     Cap    Slew   Delay    Time   Description
-----------------------------------------------------------------------------
                  0.15    0.00    0.00   clock clk (rise edge)
                          0.00    0.00   clock network delay (ideal)
                  0.15    0.00    0.00 ^ _30607_/CLK (sky130_fd_sc_hd__dfxtp_2)
                  0.07    0.40    0.40 ^ _30607_/Q (sky130_fd_sc_hd__dfxtp_2)
     4    0.01                           genblk1.pcpi_mul.rs1[16] (net)
                  0.07    0.00    0.40 ^ _18802_/A (sky130_fd_sc_hd__buf_1)
                  0.34    0.31    0.71 ^ _18802_/X (sky130_fd_sc_hd__buf_1)
     6    0.03                           _12093_ (net)
                  0.34    0.00    0.71 ^ _19936_/A (sky130_fd_sc_hd__buf_1)
                  0.54    0.50    1.20 ^ _19936_/X (sky130_fd_sc_hd__buf_1)
     6    0.05                           _13218_ (net)
                  0.54    0.01    1.21 ^ _19937_/A (sky130_fd_sc_hd__buf_1)
                  0.44    0.44    1.65 ^ _19937_/X (sky130_fd_sc_hd__buf_1)
     6    0.04                           _13219_ (net)
                  0.44    0.00    1.65 ^ _19938_/A (sky130_fd_sc_hd__buf_1)
                  0.74    0.65    2.30 ^ _19938_/X (sky130_fd_sc_hd__buf_1)
     6    0.06                           _13220_ (net)
                  0.74    0.00    2.30 ^ _20956_/B (sky130_fd_sc_hd__nand4_2)
                  0.21    0.26    2.57 v _20956_/Y (sky130_fd_sc_hd__nand4_2)
     3    0.01                           _14232_ (net)
                  0.21    0.00    2.57 v _20958_/A2 (sky130_fd_sc_hd__a21o_2)
                  0.05    0.31    2.87 v _20958_/X (sky130_fd_sc_hd__a21o_2)
     2    0.01                           _14234_ (net)
                  0.05    0.00    2.88 v _20960_/A2 (sky130_fd_sc_hd__a21o_2)
                  0.06    0.25    3.12 v _20960_/X (sky130_fd_sc_hd__a21o_2)
     3    0.01                           _14236_ (net)
                  0.06    0.00    3.12 v _20961_/C (sky130_fd_sc_hd__and3_2)
                  0.05    0.24    3.36 v _20961_/X (sky130_fd_sc_hd__and3_2)
     2    0.01                           _14237_ (net)
                  0.05    0.00    3.36 v _20963_/B1 (sky130_fd_sc_hd__a211o_2)
                  0.08    0.37    3.73 v _20963_/X (sky130_fd_sc_hd__a211o_2)
     4    0.02                           _14239_ (net)
                  0.08    0.00    3.73 v _20965_/B1 (sky130_fd_sc_hd__o211a_2)
                  0.10    0.22    3.95 v _20965_/X (sky130_fd_sc_hd__o211a_2)
     4    0.03                           _14241_ (net)
                  0.10    0.00    3.95 v _20967_/C (sky130_fd_sc_hd__nor4_2)
                  0.73    0.67    4.61 ^ _20967_/Y (sky130_fd_sc_hd__nor4_2)
     4    0.03                           _14243_ (net)
                  0.73    0.00    4.62 ^ _20970_/A1 (sky130_fd_sc_hd__o211ai_2)
                  0.16    0.23    4.85 v _20970_/Y (sky130_fd_sc_hd__o211ai_2)
     3    0.01                           _14246_ (net)
                  0.16    0.00    4.85 v _20971_/C (sky130_fd_sc_hd__and3_2)
                  0.05    0.28    5.13 v _20971_/X (sky130_fd_sc_hd__and3_2)
     2    0.01                           _14247_ (net)
                  0.05    0.00    5.13 v _21095_/A (sky130_fd_sc_hd__nor4_2)
                  0.89    0.83    5.96 ^ _21095_/Y (sky130_fd_sc_hd__nor4_2)
     4    0.04                           _14371_ (net)
                  0.89    0.00    5.96 ^ _21098_/A1 (sky130_fd_sc_hd__o211ai_2)
                  0.17    0.23    6.19 v _21098_/Y (sky130_fd_sc_hd__o211ai_2)
     3    0.01                           _14374_ (net)
                  0.17    0.00    6.19 v _21099_/C (sky130_fd_sc_hd__and3_2)
                  0.05    0.29    6.48 v _21099_/X (sky130_fd_sc_hd__and3_2)
     2    0.01                           _14375_ (net)
                  0.05    0.00    6.48 v _21101_/B1 (sky130_fd_sc_hd__a211o_2)
                  0.06    0.34    6.82 v _21101_/X (sky130_fd_sc_hd__a211o_2)
     3    0.01                           _14377_ (net)
                  0.06    0.00    6.82 v _21103_/B (sky130_fd_sc_hd__and3_2)
                  0.06    0.24    7.06 v _21103_/X (sky130_fd_sc_hd__and3_2)
     2    0.01                           _14379_ (net)
                  0.06    0.00    7.06 v _21107_/B1 (sky130_fd_sc_hd__a211oi_2)
                  0.29    0.32    7.38 ^ _21107_/Y (sky130_fd_sc_hd__a211oi_2)
     3    0.01                           _14383_ (net)
                  0.29    0.00    7.38 ^ _21303_/C (sky130_fd_sc_hd__or3_2)
                  0.07    0.22    7.60 ^ _21303_/X (sky130_fd_sc_hd__or3_2)
     2    0.01                           _14578_ (net)
                  0.07    0.00    7.60 ^ _21304_/B (sky130_fd_sc_hd__nor2_2)
                  0.05    0.04    7.64 v _21304_/Y (sky130_fd_sc_hd__nor2_2)
     1    0.00                           _14579_ (net)
                  0.05    0.00    7.64 v _21305_/C (sky130_fd_sc_hd__nor3_2)
                  0.25    0.21    7.85 ^ _21305_/Y (sky130_fd_sc_hd__nor3_2)
     1    0.01                           _14580_ (net)
                  0.25    0.00    7.85 ^ _21309_/A (sky130_fd_sc_hd__and3_2)
                  0.34    0.47    8.32 ^ _21309_/X (sky130_fd_sc_hd__and3_2)
     5    0.07                           _14584_ (net)
                  0.34    0.02    8.34 ^ _22690_/A_N (sky130_fd_sc_hd__and3b_2)
                  0.12    0.36    8.70 v _22690_/X (sky130_fd_sc_hd__and3b_2)
     3    0.04                           _02515_ (net)
                  0.12    0.01    8.71 v _24181_/A1 (sky130_fd_sc_hd__o2111a_2)
                  0.06    0.33    9.04 v _24181_/X (sky130_fd_sc_hd__o2111a_2)
     2    0.01                           _03994_ (net)
                  0.06    0.00    9.04 v _24395_/A1 (sky130_fd_sc_hd__o311a_2)
                  0.09    0.46    9.51 v _24395_/X (sky130_fd_sc_hd__o311a_2)
     3    0.02                           _04206_ (net)
                  0.09    0.00    9.51 v _24780_/A1 (sky130_fd_sc_hd__o2111a_2)
                  0.07    0.33    9.84 v _24780_/X (sky130_fd_sc_hd__o2111a_2)
     3    0.02                           _04587_ (net)
                  0.07    0.00    9.84 v _24940_/A1 (sky130_fd_sc_hd__o311a_2)
                  0.08    0.46   10.30 v _24940_/X (sky130_fd_sc_hd__o311a_2)
     3    0.01                           _04745_ (net)
                  0.08    0.00   10.30 v _25080_/A2 (sky130_fd_sc_hd__o31a_2)
                  0.08    0.39   10.69 v _25080_/X (sky130_fd_sc_hd__o31a_2)
     2    0.02                           _04883_ (net)
                  0.08    0.00   10.69 v _25082_/A2 (sky130_fd_sc_hd__a21o_2)
                  0.05    0.26   10.95 v _25082_/X (sky130_fd_sc_hd__a21o_2)
     1    0.01                           _04884_ (net)
                  0.05    0.00   10.95 v _25119_/A (sky130_fd_sc_hd__xnor2_2)
                  0.04    0.13   11.08 v _25119_/Y (sky130_fd_sc_hd__xnor2_2)
     1    0.00                           _00111_ (net)
                  0.04    0.00   11.08 v _30234_/D (sky130_fd_sc_hd__dfxtp_2)
                                 11.08   data arrival time

                  0.15   24.00   24.00   clock clk (rise edge)
                          0.00   24.00   clock network delay (ideal)
                         -0.25   23.75   clock uncertainty
                          0.00   23.75   clock reconvergence pessimism
                                 23.75 ^ _30234_/CLK (sky130_fd_sc_hd__dfxtp_2)
                         -0.09   23.66   library setup time
                                 23.66   data required time
-----------------------------------------------------------------------------
                                 23.66   data required time
                                -11.08   data arrival time
-----------------------------------------------------------------------------
                                 12.58   slack (MET)


Startpoint: _30607_ (rising edge-triggered flip-flop clocked by clk)
Endpoint: _30233_ (rising edge-triggered flip-flop clocked by clk)
Path Group: clk
Path Type: max

Fanout     Cap    Slew   Delay    Time   Description
-----------------------------------------------------------------------------
                  0.15    0.00    0.00   clock clk (rise edge)
                          0.00    0.00   clock network delay (ideal)
                  0.15    0.00    0.00 ^ _30607_/CLK (sky130_fd_sc_hd__dfxtp_2)
                  0.07    0.40    0.40 ^ _30607_/Q (sky130_fd_sc_hd__dfxtp_2)
     4    0.01                           genblk1.pcpi_mul.rs1[16] (net)
                  0.07    0.00    0.40 ^ _18802_/A (sky130_fd_sc_hd__buf_1)
                  0.34    0.31    0.71 ^ _18802_/X (sky130_fd_sc_hd__buf_1)
     6    0.03                           _12093_ (net)
                  0.34    0.00    0.71 ^ _19936_/A (sky130_fd_sc_hd__buf_1)
                  0.54    0.50    1.20 ^ _19936_/X (sky130_fd_sc_hd__buf_1)
     6    0.05                           _13218_ (net)
                  0.54    0.01    1.21 ^ _19937_/A (sky130_fd_sc_hd__buf_1)
                  0.44    0.44    1.65 ^ _19937_/X (sky130_fd_sc_hd__buf_1)
     6    0.04                           _13219_ (net)
                  0.44    0.00    1.65 ^ _19938_/A (sky130_fd_sc_hd__buf_1)
                  0.74    0.65    2.30 ^ _19938_/X (sky130_fd_sc_hd__buf_1)
     6    0.06                           _13220_ (net)
                  0.74    0.00    2.30 ^ _20956_/B (sky130_fd_sc_hd__nand4_2)
                  0.21    0.26    2.57 v _20956_/Y (sky130_fd_sc_hd__nand4_2)
     3    0.01                           _14232_ (net)
                  0.21    0.00    2.57 v _20958_/A2 (sky130_fd_sc_hd__a21o_2)
                  0.05    0.31    2.87 v _20958_/X (sky130_fd_sc_hd__a21o_2)
     2    0.01                           _14234_ (net)
                  0.05    0.00    2.88 v _20960_/A2 (sky130_fd_sc_hd__a21o_2)
                  0.06    0.25    3.12 v _20960_/X (sky130_fd_sc_hd__a21o_2)
     3    0.01                           _14236_ (net)
                  0.06    0.00    3.12 v _20961_/C (sky130_fd_sc_hd__and3_2)
                  0.05    0.24    3.36 v _20961_/X (sky130_fd_sc_hd__and3_2)
     2    0.01                           _14237_ (net)
                  0.05    0.00    3.36 v _20963_/B1 (sky130_fd_sc_hd__a211o_2)
                  0.08    0.37    3.73 v _20963_/X (sky130_fd_sc_hd__a211o_2)
     4    0.02                           _14239_ (net)
                  0.08    0.00    3.73 v _20965_/B1 (sky130_fd_sc_hd__o211a_2)
                  0.10    0.22    3.95 v _20965_/X (sky130_fd_sc_hd__o211a_2)
     4    0.03                           _14241_ (net)
                  0.10    0.00    3.95 v _20967_/C (sky130_fd_sc_hd__nor4_2)
                  0.73    0.67    4.61 ^ _20967_/Y (sky130_fd_sc_hd__nor4_2)
     4    0.03                           _14243_ (net)
                  0.73    0.00    4.62 ^ _20970_/A1 (sky130_fd_sc_hd__o211ai_2)
                  0.16    0.23    4.85 v _20970_/Y (sky130_fd_sc_hd__o211ai_2)
     3    0.01                           _14246_ (net)
                  0.16    0.00    4.85 v _20971_/C (sky130_fd_sc_hd__and3_2)
                  0.05    0.28    5.13 v _20971_/X (sky130_fd_sc_hd__and3_2)
     2    0.01                           _14247_ (net)
                  0.05    0.00    5.13 v _21095_/A (sky130_fd_sc_hd__nor4_2)
                  0.89    0.83    5.96 ^ _21095_/Y (sky130_fd_sc_hd__nor4_2)
     4    0.04                           _14371_ (net)
                  0.89    0.00    5.96 ^ _21098_/A1 (sky130_fd_sc_hd__o211ai_2)
                  0.17    0.23    6.19 v _21098_/Y (sky130_fd_sc_hd__o211ai_2)
     3    0.01                           _14374_ (net)
                  0.17    0.00    6.19 v _21099_/C (sky130_fd_sc_hd__and3_2)
                  0.05    0.29    6.48 v _21099_/X (sky130_fd_sc_hd__and3_2)
     2    0.01                           _14375_ (net)
                  0.05    0.00    6.48 v _21101_/B1 (sky130_fd_sc_hd__a211o_2)
                  0.06    0.34    6.82 v _21101_/X (sky130_fd_sc_hd__a211o_2)
     3    0.01                           _14377_ (net)
                  0.06    0.00    6.82 v _21103_/B (sky130_fd_sc_hd__and3_2)
                  0.06    0.24    7.06 v _21103_/X (sky130_fd_sc_hd__and3_2)
     2    0.01                           _14379_ (net)
                  0.06    0.00    7.06 v _21107_/B1 (sky130_fd_sc_hd__a211oi_2)
                  0.29    0.32    7.38 ^ _21107_/Y (sky130_fd_sc_hd__a211oi_2)
     3    0.01                           _14383_ (net)
                  0.29    0.00    7.38 ^ _21303_/C (sky130_fd_sc_hd__or3_2)
                  0.07    0.22    7.60 ^ _21303_/X (sky130_fd_sc_hd__or3_2)
     2    0.01                           _14578_ (net)
                  0.07    0.00    7.60 ^ _21304_/B (sky130_fd_sc_hd__nor2_2)
                  0.05    0.04    7.64 v _21304_/Y (sky130_fd_sc_hd__nor2_2)
     1    0.00                           _14579_ (net)
                  0.05    0.00    7.64 v _21305_/C (sky130_fd_sc_hd__nor3_2)
                  0.25    0.21    7.85 ^ _21305_/Y (sky130_fd_sc_hd__nor3_2)
     1    0.01                           _14580_ (net)
                  0.25    0.00    7.85 ^ _21309_/A (sky130_fd_sc_hd__and3_2)
                  0.34    0.47    8.32 ^ _21309_/X (sky130_fd_sc_hd__and3_2)
     5    0.07                           _14584_ (net)
                  0.34    0.02    8.34 ^ _22690_/A_N (sky130_fd_sc_hd__and3b_2)
                  0.12    0.36    8.70 v _22690_/X (sky130_fd_sc_hd__and3b_2)
     3    0.04                           _02515_ (net)
                  0.12    0.01    8.71 v _24181_/A1 (sky130_fd_sc_hd__o2111a_2)
                  0.06    0.33    9.04 v _24181_/X (sky130_fd_sc_hd__o2111a_2)
     2    0.01                           _03994_ (net)
                  0.06    0.00    9.04 v _24395_/A1 (sky130_fd_sc_hd__o311a_2)
                  0.09    0.46    9.51 v _24395_/X (sky130_fd_sc_hd__o311a_2)
     3    0.02                           _04206_ (net)
                  0.09    0.00    9.51 v _24780_/A1 (sky130_fd_sc_hd__o2111a_2)
                  0.07    0.33    9.84 v _24780_/X (sky130_fd_sc_hd__o2111a_2)
     3    0.02                           _04587_ (net)
                  0.07    0.00    9.84 v _24940_/A1 (sky130_fd_sc_hd__o311a_2)
                  0.08    0.46   10.30 v _24940_/X (sky130_fd_sc_hd__o311a_2)
     3    0.01                           _04745_ (net)
                  0.08    0.00   10.30 v _25080_/A2 (sky130_fd_sc_hd__o31a_2)
                  0.08    0.39   10.69 v _25080_/X (sky130_fd_sc_hd__o31a_2)
     2    0.02                           _04883_ (net)
                  0.08    0.00   10.69 v _25081_/B (sky130_fd_sc_hd__xnor2_2)
                  0.04    0.14   10.83 v _25081_/Y (sky130_fd_sc_hd__xnor2_2)
     1    0.00                           _00110_ (net)
                  0.04    0.00   10.83 v _30233_/D (sky130_fd_sc_hd__dfxtp_2)
                                 10.83   data arrival time

                  0.15   24.00   24.00   clock clk (rise edge)
                          0.00   24.00   clock network delay (ideal)
                         -0.25   23.75   clock uncertainty
                          0.00   23.75   clock reconvergence pessimism
                                 23.75 ^ _30233_/CLK (sky130_fd_sc_hd__dfxtp_2)
                         -0.09   23.66   library setup time
                                 23.66   data required time
-----------------------------------------------------------------------------
                                 23.66   data required time
                                -10.83   data arrival time
-----------------------------------------------------------------------------
                                 12.83   slack (MET)


Startpoint: _30632_ (rising edge-triggered flip-flop clocked by clk)
Endpoint: _30218_ (rising edge-triggered flip-flop clocked by clk)
Path Group: clk
Path Type: max

Fanout     Cap    Slew   Delay    Time   Description
-----------------------------------------------------------------------------
                  0.15    0.00    0.00   clock clk (rise edge)
                          0.00    0.00   clock network delay (ideal)
                  0.15    0.00    0.00 ^ _30632_/CLK (sky130_fd_sc_hd__dfxtp_2)
                  0.26    0.53    0.53 ^ _30632_/Q (sky130_fd_sc_hd__dfxtp_2)
     5    0.05                           genblk1.pcpi_mul.rs2[9] (net)
                  0.26    0.01    0.54 ^ _18202_/A (sky130_fd_sc_hd__buf_1)
                  0.68    0.59    1.14 ^ _18202_/X (sky130_fd_sc_hd__buf_1)
     6    0.06                           _11500_ (net)
                  0.68    0.01    1.15 ^ _18203_/A (sky130_fd_sc_hd__buf_1)
                  0.77    0.69    1.83 ^ _18203_/X (sky130_fd_sc_hd__buf_1)
     6    0.07                           _11501_ (net)
                  0.77    0.00    1.84 ^ _18204_/A (sky130_fd_sc_hd__buf_1)
                  0.40    0.42    2.26 ^ _18204_/X (sky130_fd_sc_hd__buf_1)
     6    0.03                           _11502_ (net)
                  0.40    0.00    2.26 ^ _18205_/A (sky130_fd_sc_hd__buf_1)
                  0.89    0.75    3.01 ^ _18205_/X (sky130_fd_sc_hd__buf_1)
     6    0.08                           _11503_ (net)
                  0.89    0.02    3.03 ^ _18206_/A (sky130_fd_sc_hd__buf_1)
                  0.42    0.44    3.47 ^ _18206_/X (sky130_fd_sc_hd__buf_1)
     6    0.04                           _11504_ (net)
                  0.42    0.00    3.47 ^ _18207_/A (sky130_fd_sc_hd__buf_1)
                  0.62    0.56    4.03 ^ _18207_/X (sky130_fd_sc_hd__buf_1)
     6    0.05                           _11505_ (net)
                  0.62    0.00    4.03 ^ _18272_/A2 (sky130_fd_sc_hd__a22oi_2)
                  0.16    0.25    4.28 v _18272_/Y (sky130_fd_sc_hd__a22oi_2)
     2    0.02                           _11569_ (net)
                  0.16    0.00    4.28 v _18274_/C (sky130_fd_sc_hd__or4_2)
                  0.12    0.70    4.98 v _18274_/X (sky130_fd_sc_hd__or4_2)
     3    0.01                           _11571_ (net)
                  0.12    0.00    4.98 v _18277_/A1 (sky130_fd_sc_hd__a211o_2)
                  0.06    0.35    5.33 v _18277_/X (sky130_fd_sc_hd__a211o_2)
     2    0.01                           _11574_ (net)
                  0.06    0.00    5.33 v _18345_/A2 (sky130_fd_sc_hd__a21o_2)
                  0.05    0.24    5.57 v _18345_/X (sky130_fd_sc_hd__a21o_2)
     1    0.01                           _11641_ (net)
                  0.05    0.00    5.57 v _18346_/B (sky130_fd_sc_hd__xnor2_2)
                  0.09    0.16    5.74 v _18346_/Y (sky130_fd_sc_hd__xnor2_2)
     3    0.01                           _11642_ (net)
                  0.09    0.00    5.74 v _18433_/C (sky130_fd_sc_hd__or3_2)
                  0.07    0.43    6.17 v _18433_/X (sky130_fd_sc_hd__or3_2)
     1    0.00                           _11728_ (net)
                  0.07    0.00    6.17 v _18435_/B1 (sky130_fd_sc_hd__o311a_2)
                  0.09    0.19    6.36 v _18435_/X (sky130_fd_sc_hd__o311a_2)
     3    0.02                           _11730_ (net)
                  0.09    0.00    6.36 v _18633_/B2 (sky130_fd_sc_hd__o221a_2)
                  0.06    0.27    6.63 v _18633_/X (sky130_fd_sc_hd__o221a_2)
     2    0.01                           _11926_ (net)
                  0.06    0.00    6.63 v _18731_/A3 (sky130_fd_sc_hd__o41ai_2)
                  0.73    0.70    7.33 ^ _18731_/Y (sky130_fd_sc_hd__o41ai_2)
     4    0.03                           _12022_ (net)
                  0.73    0.00    7.33 ^ _19331_/C_N (sky130_fd_sc_hd__or3b_2)
                  0.12    0.60    7.93 v _19331_/X (sky130_fd_sc_hd__or3b_2)
     3    0.02                           _12618_ (net)
                  0.12    0.00    7.93 v _19898_/A1 (sky130_fd_sc_hd__a21boi_2)
                  0.23    0.27    8.20 ^ _19898_/Y (sky130_fd_sc_hd__a21boi_2)
     2    0.02                           _13181_ (net)
                  0.23    0.00    8.20 ^ _21308_/A1 (sky130_fd_sc_hd__o2111ai_2)
                  0.09    0.15    8.35 v _21308_/Y (sky130_fd_sc_hd__o2111ai_2)
     1    0.00                           _14583_ (net)
                  0.09    0.00    8.35 v _21309_/C (sky130_fd_sc_hd__and3_2)
                  0.17    0.37    8.73 v _21309_/X (sky130_fd_sc_hd__and3_2)
     5    0.07                           _14584_ (net)
                  0.18    0.02    8.75 v _22690_/A_N (sky130_fd_sc_hd__and3b_2)
                  0.22    0.44    9.19 ^ _22690_/X (sky130_fd_sc_hd__and3b_2)
     3    0.04                           _02515_ (net)
                  0.22    0.00    9.19 ^ _22691_/B (sky130_fd_sc_hd__or2_2)
                  0.13    0.24    9.43 ^ _22691_/X (sky130_fd_sc_hd__or2_2)
     4    0.02                           _02516_ (net)
                  0.13    0.00    9.43 ^ _23233_/A1 (sky130_fd_sc_hd__a21oi_2)
                  0.12    0.15    9.57 v _23233_/Y (sky130_fd_sc_hd__a21oi_2)
     3    0.03                           _03054_ (net)
                  0.12    0.00    9.58 v _23483_/A1 (sky130_fd_sc_hd__o21a_2)
                  0.05    0.27    9.85 v _23483_/X (sky130_fd_sc_hd__o21a_2)
     2    0.01                           _03302_ (net)
                  0.05    0.00    9.85 v _23594_/A (sky130_fd_sc_hd__or2b_2)
                  0.05    0.30   10.15 v _23594_/X (sky130_fd_sc_hd__or2b_2)
     1    0.00                           _03412_ (net)
                  0.05    0.00   10.15 v _23595_/B1 (sky130_fd_sc_hd__o21a_2)
                  0.05    0.14   10.29 v _23595_/X (sky130_fd_sc_hd__o21a_2)
     1    0.01                           _03413_ (net)
                  0.05    0.00   10.29 v _23596_/B (sky130_fd_sc_hd__xnor2_2)
                  0.35    0.31   10.60 ^ _23596_/Y (sky130_fd_sc_hd__xnor2_2)
     1    0.02                           _00095_ (net)
                  0.35    0.00   10.60 ^ _30218_/D (sky130_fd_sc_hd__dfxtp_2)
                                 10.60   data arrival time

                  0.15   24.00   24.00   clock clk (rise edge)
                          0.00   24.00   clock network delay (ideal)
                         -0.25   23.75   clock uncertainty
                          0.00   23.75   clock reconvergence pessimism
                                 23.75 ^ _30218_/CLK (sky130_fd_sc_hd__dfxtp_2)
                         -0.11   23.64   library setup time
                                 23.64   data required time
-----------------------------------------------------------------------------
                                 23.64   data required time
                                -10.60   data arrival time
-----------------------------------------------------------------------------
                                 13.04   slack (MET)


Startpoint: resetn (input port clocked by clk)
Endpoint: mem_la_write (output port clocked by clk)
Path Group: clk
Path Type: max

Fanout     Cap    Slew   Delay    Time   Description
-----------------------------------------------------------------------------
                  0.15    0.00    0.00   clock clk (rise edge)
                          0.00    0.00   clock network delay (ideal)
                          4.80    4.80 ^ input external delay
                  0.31    0.24    5.04 ^ resetn (in)
     2    0.07                           resetn (net)
                  0.32    0.00    5.04 ^ _15035_/A (sky130_fd_sc_hd__buf_1)
                  0.32    0.33    5.37 ^ _15035_/X (sky130_fd_sc_hd__buf_1)
     6    0.03                           _08515_ (net)
                  0.32    0.00    5.37 ^ _15451_/B (sky130_fd_sc_hd__nand3_2)
                  0.14    0.20    5.58 v _15451_/Y (sky130_fd_sc_hd__nand3_2)
     4    0.02                           _08917_ (net)
                  0.14    0.00    5.58 v _15452_/A (sky130_fd_sc_hd__inv_2)
                  0.32    0.30    5.88 ^ _15452_/Y (sky130_fd_sc_hd__inv_2)
     2    0.03                           mem_la_write (net)
                  0.33    0.02    5.90 ^ mem_la_write (out)
                                  5.90   data arrival time

                  0.15   24.00   24.00   clock clk (rise edge)
                          0.00   24.00   clock network delay (ideal)
                         -0.25   23.75   clock uncertainty
                          0.00   23.75   clock reconvergence pessimism
                         -4.80   18.95   output external delay
                                 18.95   data required time
-----------------------------------------------------------------------------
                                 18.95   data required time
                                 -5.90   data arrival time
-----------------------------------------------------------------------------
                                 13.05   slack (MET)


