
===========================================================================
report_checks -path_delay min (Hold)
============================================================================
Startpoint: _30724_ (rising edge-triggered flip-flop clocked by clk)
Endpoint: _30724_ (rising edge-triggered flip-flop clocked by clk)
Path Group: clk
Path Type: min

Fanout     Cap    Slew   Delay    Time   Description
-----------------------------------------------------------------------------
                  0.15    0.00    0.00   clock clk (rise edge)
                          0.00    0.00   clock network delay (ideal)
                  0.15    0.00    0.00 ^ _30724_/CLK (sky130_fd_sc_hd__dfxtp_2)
                  0.09    0.37    0.37 ^ _30724_/Q (sky130_fd_sc_hd__dfxtp_2)
     4    0.02                           count_instr[1] (net)
                  0.09    0.00    0.37 ^ _27037_/A1 (sky130_fd_sc_hd__a21oi_2)
                  0.03    0.05    0.42 v _27037_/Y (sky130_fd_sc_hd__a21oi_2)
     1    0.00                           _00633_ (net)
                  0.03    0.00    0.42 v _30724_/D (sky130_fd_sc_hd__dfxtp_2)
                                  0.42   data arrival time

                  0.15    0.00    0.00   clock clk (rise edge)
                          0.00    0.00   clock network delay (ideal)
                          0.25    0.25   clock uncertainty
                          0.00    0.25   clock reconvergence pessimism
                                  0.25 ^ _30724_/CLK (sky130_fd_sc_hd__dfxtp_2)
                         -0.02    0.23   library hold time
                                  0.23   data required time
-----------------------------------------------------------------------------
                                  0.23   data required time
                                 -0.42   data arrival time
-----------------------------------------------------------------------------
                                  0.18   slack (MET)


Startpoint: _31341_ (rising edge-triggered flip-flop clocked by clk)
Endpoint: _31147_ (rising edge-triggered flip-flop clocked by clk)
Path Group: clk
Path Type: min

Fanout     Cap    Slew   Delay    Time   Description
-----------------------------------------------------------------------------
                  0.15    0.00    0.00   clock clk (rise edge)
                          0.00    0.00   clock network delay (ideal)
                  0.15    0.00    0.00 ^ _31341_/CLK (sky130_fd_sc_hd__dfxtp_2)
                  0.03    0.32    0.32 ^ _31341_/Q (sky130_fd_sc_hd__dfxtp_2)
     1    0.00                           alu_add_sub[21] (net)
                  0.03    0.00    0.32 ^ _17288_/A1 (sky130_fd_sc_hd__a211o_2)
                  0.03    0.10    0.43 ^ _17288_/X (sky130_fd_sc_hd__a211o_2)
     1    0.00                           alu_out[21] (net)
                  0.03    0.00    0.43 ^ _31147_/D (sky130_fd_sc_hd__dfxtp_2)
                                  0.43   data arrival time

                  0.15    0.00    0.00   clock clk (rise edge)
                          0.00    0.00   clock network delay (ideal)
                          0.25    0.25   clock uncertainty
                          0.00    0.25   clock reconvergence pessimism
                                  0.25 ^ _31147_/CLK (sky130_fd_sc_hd__dfxtp_2)
                         -0.01    0.24   library hold time
                                  0.24   data required time
-----------------------------------------------------------------------------
                                  0.24   data required time
                                 -0.43   data arrival time
-----------------------------------------------------------------------------
                                  0.19   slack (MET)


Startpoint: _30737_ (rising edge-triggered flip-flop clocked by clk)
Endpoint: _30737_ (rising edge-triggered flip-flop clocked by clk)
Path Group: clk
Path Type: min

Fanout     Cap    Slew   Delay    Time   Description
-----------------------------------------------------------------------------
                  0.15    0.00    0.00   clock clk (rise edge)
                          0.00    0.00   clock network delay (ideal)
                  0.15    0.00    0.00 ^ _30737_/CLK (sky130_fd_sc_hd__dfxtp_2)
                  0.10    0.38    0.38 ^ _30737_/Q (sky130_fd_sc_hd__dfxtp_2)
     5    0.02                           count_instr[14] (net)
                  0.10    0.00    0.38 ^ _27085_/A1 (sky130_fd_sc_hd__a21oi_2)
                  0.03    0.05    0.43 v _27085_/Y (sky130_fd_sc_hd__a21oi_2)
     1    0.00                           _00646_ (net)
                  0.03    0.00    0.43 v _30737_/D (sky130_fd_sc_hd__dfxtp_2)
                                  0.43   data arrival time

                  0.15    0.00    0.00   clock clk (rise edge)
                          0.00    0.00   clock network delay (ideal)
                          0.25    0.25   clock uncertainty
                          0.00    0.25   clock reconvergence pessimism
                                  0.25 ^ _30737_/CLK (sky130_fd_sc_hd__dfxtp_2)
                         -0.02    0.23   library hold time
                                  0.23   data required time
-----------------------------------------------------------------------------
                                  0.23   data required time
                                 -0.43   data arrival time
-----------------------------------------------------------------------------
                                  0.19   slack (MET)


Startpoint: _31340_ (rising edge-triggered flip-flop clocked by clk)
Endpoint: _31146_ (rising edge-triggered flip-flop clocked by clk)
Path Group: clk
Path Type: min

Fanout     Cap    Slew   Delay    Time   Description
-----------------------------------------------------------------------------
                  0.15    0.00    0.00   clock clk (rise edge)
                          0.00    0.00   clock network delay (ideal)
                  0.15    0.00    0.00 ^ _31340_/CLK (sky130_fd_sc_hd__dfxtp_2)
                  0.03    0.32    0.32 ^ _31340_/Q (sky130_fd_sc_hd__dfxtp_2)
     1    0.00                           alu_add_sub[20] (net)
                  0.03    0.00    0.32 ^ _17283_/A1 (sky130_fd_sc_hd__a211o_2)
                  0.03    0.11    0.43 ^ _17283_/X (sky130_fd_sc_hd__a211o_2)
     1    0.00                           alu_out[20] (net)
                  0.03    0.00    0.43 ^ _31146_/D (sky130_fd_sc_hd__dfxtp_2)
                                  0.43   data arrival time

                  0.15    0.00    0.00   clock clk (rise edge)
                          0.00    0.00   clock network delay (ideal)
                          0.25    0.25   clock uncertainty
                          0.00    0.25   clock reconvergence pessimism
                                  0.25 ^ _31146_/CLK (sky130_fd_sc_hd__dfxtp_2)
                         -0.01    0.24   library hold time
                                  0.24   data required time
-----------------------------------------------------------------------------
                                  0.24   data required time
                                 -0.43   data arrival time
-----------------------------------------------------------------------------
                                  0.19   slack (MET)


Startpoint: _30778_ (rising edge-triggered flip-flop clocked by clk)
Endpoint: _30778_ (rising edge-triggered flip-flop clocked by clk)
Path Group: clk
Path Type: min

Fanout     Cap    Slew   Delay    Time   Description
-----------------------------------------------------------------------------
                  0.15    0.00    0.00   clock clk (rise edge)
                          0.00    0.00   clock network delay (ideal)
                  0.15    0.00    0.00 ^ _30778_/CLK (sky130_fd_sc_hd__dfxtp_2)
                  0.10    0.38    0.38 ^ _30778_/Q (sky130_fd_sc_hd__dfxtp_2)
     5    0.02                           count_instr[55] (net)
                  0.10    0.00    0.38 ^ _27221_/A1 (sky130_fd_sc_hd__a21oi_2)
                  0.03    0.05    0.43 v _27221_/Y (sky130_fd_sc_hd__a21oi_2)
     1    0.00                           _00687_ (net)
                  0.03    0.00    0.43 v _30778_/D (sky130_fd_sc_hd__dfxtp_2)
                                  0.43   data arrival time

                  0.15    0.00    0.00   clock clk (rise edge)
                          0.00    0.00   clock network delay (ideal)
                          0.25    0.25   clock uncertainty
                          0.00    0.25   clock reconvergence pessimism
                                  0.25 ^ _30778_/CLK (sky130_fd_sc_hd__dfxtp_2)
                         -0.02    0.23   library hold time
                                  0.23   data required time
-----------------------------------------------------------------------------
                                  0.23   data required time
                                 -0.43   data arrival time
-----------------------------------------------------------------------------
                                  0.20   slack (MET)


