
===========================================================================
report_checks -path_delay max (Setup)
============================================================================
Startpoint: sel[0] (input port clocked by __VIRTUAL_CLK__)
Endpoint: out[0] (output port clocked by __VIRTUAL_CLK__)
Path Group: __VIRTUAL_CLK__
Path Type: max

Fanout     Cap    Slew   Delay    Time   Description
-----------------------------------------------------------------------------
                  0.00    0.00    0.00   clock __VIRTUAL_CLK__ (rise edge)
                          0.00    0.00   clock network delay (ideal)
                          2.00    2.00 v input external delay
                  0.02    0.01    2.01 v sel[0] (in)
     4    0.01                           sel[0] (net)
                  0.02    0.00    2.01 v _11_/A (sky130_fd_sc_hd__buf_1)
                  0.07    0.12    2.13 v _11_/X (sky130_fd_sc_hd__buf_1)
     5    0.01                           _00_ (net)
                  0.07    0.01    2.14 v _15_/A (sky130_fd_sc_hd__nor4b_2)
                  0.85    0.77    2.91 ^ _15_/Y (sky130_fd_sc_hd__nor4b_2)
     1    0.03                           out[0] (net)
                  0.85    0.00    2.91 ^ out[0] (out)
                                  2.91   data arrival time

                  0.00   10.00   10.00   clock __VIRTUAL_CLK__ (rise edge)
                          0.00   10.00   clock network delay (ideal)
                         -0.25    9.75   clock uncertainty
                          0.00    9.75   clock reconvergence pessimism
                         -2.00    7.75   output external delay
                                  7.75   data required time
-----------------------------------------------------------------------------
                                  7.75   data required time
                                 -2.91   data arrival time
-----------------------------------------------------------------------------
                                  4.84   slack (MET)


Startpoint: sel[1] (input port clocked by __VIRTUAL_CLK__)
Endpoint: out[2] (output port clocked by __VIRTUAL_CLK__)
Path Group: __VIRTUAL_CLK__
Path Type: max

Fanout     Cap    Slew   Delay    Time   Description
-----------------------------------------------------------------------------
                  0.00    0.00    0.00   clock __VIRTUAL_CLK__ (rise edge)
                          0.00    0.00   clock network delay (ideal)
                          2.00    2.00 ^ input external delay
                  0.04    0.03    2.03 ^ sel[1] (in)
     4    0.01                           sel[1] (net)
                  0.04    0.00    2.03 ^ _13_/A (sky130_fd_sc_hd__buf_1)
                  0.15    0.16    2.19 ^ _13_/X (sky130_fd_sc_hd__buf_1)
     5    0.01                           _02_ (net)
                  0.15    0.00    2.19 ^ _18_/D (sky130_fd_sc_hd__and4bb_2)
                  0.05    0.24    2.43 ^ _18_/X (sky130_fd_sc_hd__and4bb_2)
     1    0.00                           _05_ (net)
                  0.05    0.00    2.44 ^ _19_/A (sky130_fd_sc_hd__buf_1)
                  0.43    0.33    2.77 ^ _19_/X (sky130_fd_sc_hd__buf_1)
     1    0.03                           out[2] (net)
                  0.43    0.00    2.77 ^ out[2] (out)
                                  2.77   data arrival time

                  0.00   10.00   10.00   clock __VIRTUAL_CLK__ (rise edge)
                          0.00   10.00   clock network delay (ideal)
                         -0.25    9.75   clock uncertainty
                          0.00    9.75   clock reconvergence pessimism
                         -2.00    7.75   output external delay
                                  7.75   data required time
-----------------------------------------------------------------------------
                                  7.75   data required time
                                 -2.77   data arrival time
-----------------------------------------------------------------------------
                                  4.98   slack (MET)


Startpoint: sel[1] (input port clocked by __VIRTUAL_CLK__)
Endpoint: out[1] (output port clocked by __VIRTUAL_CLK__)
Path Group: __VIRTUAL_CLK__
Path Type: max

Fanout     Cap    Slew   Delay    Time   Description
-----------------------------------------------------------------------------
                  0.00    0.00    0.00   clock __VIRTUAL_CLK__ (rise edge)
                          0.00    0.00   clock network delay (ideal)
                          2.00    2.00 v input external delay
                  0.02    0.01    2.01 v sel[1] (in)
     4    0.01                           sel[1] (net)
                  0.02    0.00    2.01 v _13_/A (sky130_fd_sc_hd__buf_1)
                  0.07    0.12    2.13 v _13_/X (sky130_fd_sc_hd__buf_1)
     5    0.01                           _02_ (net)
                  0.07    0.00    2.13 v _16_/B_N (sky130_fd_sc_hd__and4bb_2)
                  0.05    0.30    2.43 ^ _16_/X (sky130_fd_sc_hd__and4bb_2)
     1    0.00                           _04_ (net)
                  0.05    0.00    2.44 ^ _17_/A (sky130_fd_sc_hd__buf_1)
                  0.43    0.33    2.77 ^ _17_/X (sky130_fd_sc_hd__buf_1)
     1    0.03                           out[1] (net)
                  0.43    0.00    2.77 ^ out[1] (out)
                                  2.77   data arrival time

                  0.00   10.00   10.00   clock __VIRTUAL_CLK__ (rise edge)
                          0.00   10.00   clock network delay (ideal)
                         -0.25    9.75   clock uncertainty
                          0.00    9.75   clock reconvergence pessimism
                         -2.00    7.75   output external delay
                                  7.75   data required time
-----------------------------------------------------------------------------
                                  7.75   data required time
                                 -2.77   data arrival time
-----------------------------------------------------------------------------
                                  4.98   slack (MET)


Startpoint: sel[1] (input port clocked by __VIRTUAL_CLK__)
Endpoint: out[4] (output port clocked by __VIRTUAL_CLK__)
Path Group: __VIRTUAL_CLK__
Path Type: max

Fanout     Cap    Slew   Delay    Time   Description
-----------------------------------------------------------------------------
                  0.00    0.00    0.00   clock __VIRTUAL_CLK__ (rise edge)
                          0.00    0.00   clock network delay (ideal)
                          2.00    2.00 v input external delay
                  0.02    0.01    2.01 v sel[1] (in)
     4    0.01                           sel[1] (net)
                  0.02    0.00    2.01 v _13_/A (sky130_fd_sc_hd__buf_1)
                  0.07    0.12    2.13 v _13_/X (sky130_fd_sc_hd__buf_1)
     5    0.01                           _02_ (net)
                  0.07    0.00    2.13 v _22_/B_N (sky130_fd_sc_hd__and4bb_2)
                  0.05    0.30    2.43 ^ _22_/X (sky130_fd_sc_hd__and4bb_2)
     1    0.00                           _07_ (net)
                  0.05    0.00    2.44 ^ _23_/A (sky130_fd_sc_hd__buf_1)
                  0.43    0.33    2.77 ^ _23_/X (sky130_fd_sc_hd__buf_1)
     1    0.03                           out[4] (net)
                  0.43    0.00    2.77 ^ out[4] (out)
                                  2.77   data arrival time

                  0.00   10.00   10.00   clock __VIRTUAL_CLK__ (rise edge)
                          0.00   10.00   clock network delay (ideal)
                         -0.25    9.75   clock uncertainty
                          0.00    9.75   clock reconvergence pessimism
                         -2.00    7.75   output external delay
                                  7.75   data required time
-----------------------------------------------------------------------------
                                  7.75   data required time
                                 -2.77   data arrival time
-----------------------------------------------------------------------------
                                  4.98   slack (MET)


Startpoint: sel[2] (input port clocked by __VIRTUAL_CLK__)
Endpoint: out[7] (output port clocked by __VIRTUAL_CLK__)
Path Group: __VIRTUAL_CLK__
Path Type: max

Fanout     Cap    Slew   Delay    Time   Description
-----------------------------------------------------------------------------
                  0.00    0.00    0.00   clock __VIRTUAL_CLK__ (rise edge)
                          0.00    0.00   clock network delay (ideal)
                          2.00    2.00 ^ input external delay
                  0.04    0.03    2.03 ^ sel[2] (in)
     4    0.01                           sel[2] (net)
                  0.04    0.00    2.03 ^ _12_/A (sky130_fd_sc_hd__buf_1)
                  0.15    0.16    2.19 ^ _12_/X (sky130_fd_sc_hd__buf_1)
     5    0.01                           _01_ (net)
                  0.15    0.00    2.19 ^ _28_/B (sky130_fd_sc_hd__and4_2)
                  0.05    0.24    2.43 ^ _28_/X (sky130_fd_sc_hd__and4_2)
     1    0.00                           _10_ (net)
                  0.05    0.00    2.43 ^ _29_/A (sky130_fd_sc_hd__buf_1)
                  0.43    0.33    2.76 ^ _29_/X (sky130_fd_sc_hd__buf_1)
     1    0.03                           out[7] (net)
                  0.43    0.00    2.76 ^ out[7] (out)
                                  2.76   data arrival time

                  0.00   10.00   10.00   clock __VIRTUAL_CLK__ (rise edge)
                          0.00   10.00   clock network delay (ideal)
                         -0.25    9.75   clock uncertainty
                          0.00    9.75   clock reconvergence pessimism
                         -2.00    7.75   output external delay
                                  7.75   data required time
-----------------------------------------------------------------------------
                                  7.75   data required time
                                 -2.76   data arrival time
-----------------------------------------------------------------------------
                                  4.99   slack (MET)


