
===========================================================================
report_checks -path_delay min (Hold)
============================================================================
Startpoint: _31341_ (rising edge-triggered flip-flop clocked by clk)
Endpoint: _31147_ (rising edge-triggered flip-flop clocked by clk)
Path Group: clk
Path Type: min

Fanout     Cap    Slew   Delay    Time   Description
-----------------------------------------------------------------------------
                          0.00    0.00   clock clk (rise edge)
                          0.00    0.00   clock source latency
                  0.29    0.20    0.20 ^ clk (in)
     1    0.06                           clk (net)
                  0.30    0.00    0.20 ^ clkbuf_0_clk/A (sky130_fd_sc_hd__clkbuf_16)
                  0.05    0.19    0.40 ^ clkbuf_0_clk/X (sky130_fd_sc_hd__clkbuf_16)
     2    0.02                           clknet_0_clk (net)
                  0.05    0.00    0.40 ^ clkbuf_1_1_0_clk/A (sky130_fd_sc_hd__clkbuf_8)
                  0.03    0.11    0.51 ^ clkbuf_1_1_0_clk/X (sky130_fd_sc_hd__clkbuf_8)
     1    0.01                           clknet_1_1_0_clk (net)
                  0.03    0.00    0.51 ^ clkbuf_1_1_1_clk/A (sky130_fd_sc_hd__clkbuf_8)
                  0.06    0.13    0.64 ^ clkbuf_1_1_1_clk/X (sky130_fd_sc_hd__clkbuf_8)
     2    0.03                           clknet_1_1_1_clk (net)
                  0.06    0.00    0.64 ^ clkbuf_2_3_0_clk/A (sky130_fd_sc_hd__clkbuf_8)
                  0.03    0.11    0.75 ^ clkbuf_2_3_0_clk/X (sky130_fd_sc_hd__clkbuf_8)
     1    0.01                           clknet_2_3_0_clk (net)
                  0.03    0.00    0.75 ^ clkbuf_2_3_1_clk/A (sky130_fd_sc_hd__clkbuf_8)
                  0.05    0.12    0.88 ^ clkbuf_2_3_1_clk/X (sky130_fd_sc_hd__clkbuf_8)
     2    0.02                           clknet_2_3_1_clk (net)
                  0.05    0.00    0.88 ^ clkbuf_3_6_0_clk/A (sky130_fd_sc_hd__clkbuf_8)
                  0.05    0.13    1.01 ^ clkbuf_3_6_0_clk/X (sky130_fd_sc_hd__clkbuf_8)
     2    0.02                           clknet_3_6_0_clk (net)
                  0.05    0.00    1.01 ^ clkbuf_4_12_0_clk/A (sky130_fd_sc_hd__clkbuf_8)
                  0.05    0.12    1.13 ^ clkbuf_4_12_0_clk/X (sky130_fd_sc_hd__clkbuf_8)
     2    0.02                           clknet_4_12_0_clk (net)
                  0.05    0.00    1.13 ^ clkbuf_5_25_0_clk/A (sky130_fd_sc_hd__clkbuf_8)
                  0.10    0.16    1.30 ^ clkbuf_5_25_0_clk/X (sky130_fd_sc_hd__clkbuf_8)
     5    0.05                           clknet_5_25_0_clk (net)
                  0.10    0.00    1.30 ^ clkbuf_leaf_135_clk/A (sky130_fd_sc_hd__clkbuf_16)
                  0.04    0.14    1.43 ^ clkbuf_leaf_135_clk/X (sky130_fd_sc_hd__clkbuf_16)
     7    0.02                           clknet_leaf_135_clk (net)
                  0.04    0.00    1.43 ^ _31341_/CLK (sky130_fd_sc_hd__dfxtp_1)
                  0.04    0.29    1.72 ^ _31341_/Q (sky130_fd_sc_hd__dfxtp_1)
     1    0.00                           alu_add_sub[21] (net)
                  0.04    0.00    1.72 ^ _17288_/A1 (sky130_fd_sc_hd__a211o_1)
                  0.04    0.11    1.82 ^ _17288_/X (sky130_fd_sc_hd__a211o_1)
     1    0.00                           alu_out[21] (net)
                  0.04    0.00    1.82 ^ _31147_/D (sky130_fd_sc_hd__dfxtp_1)
                                  1.82   data arrival time

                          0.00    0.00   clock clk (rise edge)
                          0.00    0.00   clock source latency
                  0.29    0.23    0.23 ^ clk (in)
     1    0.06                           clk (net)
                  0.30    0.00    0.23 ^ clkbuf_0_clk/A (sky130_fd_sc_hd__clkbuf_16)
                  0.05    0.21    0.44 ^ clkbuf_0_clk/X (sky130_fd_sc_hd__clkbuf_16)
     2    0.02                           clknet_0_clk (net)
                  0.05    0.00    0.44 ^ clkbuf_1_1_0_clk/A (sky130_fd_sc_hd__clkbuf_8)
                  0.03    0.12    0.56 ^ clkbuf_1_1_0_clk/X (sky130_fd_sc_hd__clkbuf_8)
     1    0.01                           clknet_1_1_0_clk (net)
                  0.03    0.00    0.56 ^ clkbuf_1_1_1_clk/A (sky130_fd_sc_hd__clkbuf_8)
                  0.06    0.14    0.70 ^ clkbuf_1_1_1_clk/X (sky130_fd_sc_hd__clkbuf_8)
     2    0.03                           clknet_1_1_1_clk (net)
                  0.06    0.00    0.70 ^ clkbuf_2_3_0_clk/A (sky130_fd_sc_hd__clkbuf_8)
                  0.03    0.13    0.83 ^ clkbuf_2_3_0_clk/X (sky130_fd_sc_hd__clkbuf_8)
     1    0.01                           clknet_2_3_0_clk (net)
                  0.03    0.00    0.83 ^ clkbuf_2_3_1_clk/A (sky130_fd_sc_hd__clkbuf_8)
                  0.05    0.14    0.97 ^ clkbuf_2_3_1_clk/X (sky130_fd_sc_hd__clkbuf_8)
     2    0.02                           clknet_2_3_1_clk (net)
                  0.05    0.00    0.97 ^ clkbuf_3_7_0_clk/A (sky130_fd_sc_hd__clkbuf_8)
                  0.05    0.14    1.11 ^ clkbuf_3_7_0_clk/X (sky130_fd_sc_hd__clkbuf_8)
     2    0.02                           clknet_3_7_0_clk (net)
                  0.05    0.00    1.11 ^ clkbuf_4_15_0_clk/A (sky130_fd_sc_hd__clkbuf_8)
                  0.05    0.14    1.25 ^ clkbuf_4_15_0_clk/X (sky130_fd_sc_hd__clkbuf_8)
     2    0.02                           clknet_4_15_0_clk (net)
                  0.05    0.00    1.25 ^ clkbuf_5_30_0_clk/A (sky130_fd_sc_hd__clkbuf_8)
                  0.17    0.24    1.49 ^ clkbuf_5_30_0_clk/X (sky130_fd_sc_hd__clkbuf_8)
     9    0.10                           clknet_5_30_0_clk (net)
                  0.17    0.00    1.49 ^ clkbuf_leaf_147_clk/A (sky130_fd_sc_hd__clkbuf_16)
                  0.05    0.19    1.68 ^ clkbuf_leaf_147_clk/X (sky130_fd_sc_hd__clkbuf_16)
    11    0.03                           clknet_leaf_147_clk (net)
                  0.05    0.00    1.68 ^ _31147_/CLK (sky130_fd_sc_hd__dfxtp_1)
                          0.25    1.93   clock uncertainty
                         -0.09    1.83   clock reconvergence pessimism
                         -0.03    1.80   library hold time
                                  1.80   data required time
-----------------------------------------------------------------------------
                                  1.80   data required time
                                 -1.82   data arrival time
-----------------------------------------------------------------------------
                                  0.02   slack (MET)


Startpoint: _31340_ (rising edge-triggered flip-flop clocked by clk)
Endpoint: _31146_ (rising edge-triggered flip-flop clocked by clk)
Path Group: clk
Path Type: min

Fanout     Cap    Slew   Delay    Time   Description
-----------------------------------------------------------------------------
                          0.00    0.00   clock clk (rise edge)
                          0.00    0.00   clock source latency
                  0.29    0.20    0.20 ^ clk (in)
     1    0.06                           clk (net)
                  0.30    0.00    0.20 ^ clkbuf_0_clk/A (sky130_fd_sc_hd__clkbuf_16)
                  0.05    0.19    0.40 ^ clkbuf_0_clk/X (sky130_fd_sc_hd__clkbuf_16)
     2    0.02                           clknet_0_clk (net)
                  0.05    0.00    0.40 ^ clkbuf_1_1_0_clk/A (sky130_fd_sc_hd__clkbuf_8)
                  0.03    0.11    0.51 ^ clkbuf_1_1_0_clk/X (sky130_fd_sc_hd__clkbuf_8)
     1    0.01                           clknet_1_1_0_clk (net)
                  0.03    0.00    0.51 ^ clkbuf_1_1_1_clk/A (sky130_fd_sc_hd__clkbuf_8)
                  0.06    0.13    0.64 ^ clkbuf_1_1_1_clk/X (sky130_fd_sc_hd__clkbuf_8)
     2    0.03                           clknet_1_1_1_clk (net)
                  0.06    0.00    0.64 ^ clkbuf_2_3_0_clk/A (sky130_fd_sc_hd__clkbuf_8)
                  0.03    0.11    0.75 ^ clkbuf_2_3_0_clk/X (sky130_fd_sc_hd__clkbuf_8)
     1    0.01                           clknet_2_3_0_clk (net)
                  0.03    0.00    0.75 ^ clkbuf_2_3_1_clk/A (sky130_fd_sc_hd__clkbuf_8)
                  0.05    0.12    0.88 ^ clkbuf_2_3_1_clk/X (sky130_fd_sc_hd__clkbuf_8)
     2    0.02                           clknet_2_3_1_clk (net)
                  0.05    0.00    0.88 ^ clkbuf_3_6_0_clk/A (sky130_fd_sc_hd__clkbuf_8)
                  0.05    0.13    1.01 ^ clkbuf_3_6_0_clk/X (sky130_fd_sc_hd__clkbuf_8)
     2    0.02                           clknet_3_6_0_clk (net)
                  0.05    0.00    1.01 ^ clkbuf_4_12_0_clk/A (sky130_fd_sc_hd__clkbuf_8)
                  0.05    0.12    1.13 ^ clkbuf_4_12_0_clk/X (sky130_fd_sc_hd__clkbuf_8)
     2    0.02                           clknet_4_12_0_clk (net)
                  0.05    0.00    1.13 ^ clkbuf_5_25_0_clk/A (sky130_fd_sc_hd__clkbuf_8)
                  0.10    0.16    1.30 ^ clkbuf_5_25_0_clk/X (sky130_fd_sc_hd__clkbuf_8)
     5    0.05                           clknet_5_25_0_clk (net)
                  0.10    0.00    1.30 ^ clkbuf_leaf_135_clk/A (sky130_fd_sc_hd__clkbuf_16)
                  0.04    0.14    1.43 ^ clkbuf_leaf_135_clk/X (sky130_fd_sc_hd__clkbuf_16)
     7    0.02                           clknet_leaf_135_clk (net)
                  0.04    0.00    1.43 ^ _31340_/CLK (sky130_fd_sc_hd__dfxtp_1)
                  0.04    0.28    1.72 ^ _31340_/Q (sky130_fd_sc_hd__dfxtp_1)
     1    0.00                           alu_add_sub[20] (net)
                  0.04    0.00    1.72 ^ _17283_/A1 (sky130_fd_sc_hd__a211o_1)
                  0.05    0.11    1.82 ^ _17283_/X (sky130_fd_sc_hd__a211o_1)
     1    0.00                           alu_out[20] (net)
                  0.05    0.00    1.82 ^ _31146_/D (sky130_fd_sc_hd__dfxtp_1)
                                  1.82   data arrival time

                          0.00    0.00   clock clk (rise edge)
                          0.00    0.00   clock source latency
                  0.29    0.23    0.23 ^ clk (in)
     1    0.06                           clk (net)
                  0.30    0.00    0.23 ^ clkbuf_0_clk/A (sky130_fd_sc_hd__clkbuf_16)
                  0.05    0.21    0.44 ^ clkbuf_0_clk/X (sky130_fd_sc_hd__clkbuf_16)
     2    0.02                           clknet_0_clk (net)
                  0.05    0.00    0.44 ^ clkbuf_1_1_0_clk/A (sky130_fd_sc_hd__clkbuf_8)
                  0.03    0.12    0.56 ^ clkbuf_1_1_0_clk/X (sky130_fd_sc_hd__clkbuf_8)
     1    0.01                           clknet_1_1_0_clk (net)
                  0.03    0.00    0.56 ^ clkbuf_1_1_1_clk/A (sky130_fd_sc_hd__clkbuf_8)
                  0.06    0.14    0.70 ^ clkbuf_1_1_1_clk/X (sky130_fd_sc_hd__clkbuf_8)
     2    0.03                           clknet_1_1_1_clk (net)
                  0.06    0.00    0.70 ^ clkbuf_2_3_0_clk/A (sky130_fd_sc_hd__clkbuf_8)
                  0.03    0.13    0.83 ^ clkbuf_2_3_0_clk/X (sky130_fd_sc_hd__clkbuf_8)
     1    0.01                           clknet_2_3_0_clk (net)
                  0.03    0.00    0.83 ^ clkbuf_2_3_1_clk/A (sky130_fd_sc_hd__clkbuf_8)
                  0.05    0.14    0.97 ^ clkbuf_2_3_1_clk/X (sky130_fd_sc_hd__clkbuf_8)
     2    0.02                           clknet_2_3_1_clk (net)
                  0.05    0.00    0.97 ^ clkbuf_3_7_0_clk/A (sky130_fd_sc_hd__clkbuf_8)
                  0.05    0.14    1.11 ^ clkbuf_3_7_0_clk/X (sky130_fd_sc_hd__clkbuf_8)
     2    0.02                           clknet_3_7_0_clk (net)
                  0.05    0.00    1.11 ^ clkbuf_4_15_0_clk/A (sky130_fd_sc_hd__clkbuf_8)
                  0.05    0.14    1.25 ^ clkbuf_4_15_0_clk/X (sky130_fd_sc_hd__clkbuf_8)
     2    0.02                           clknet_4_15_0_clk (net)
                  0.05    0.00    1.25 ^ clkbuf_5_30_0_clk/A (sky130_fd_sc_hd__clkbuf_8)
                  0.17    0.24    1.49 ^ clkbuf_5_30_0_clk/X (sky130_fd_sc_hd__clkbuf_8)
     9    0.10                           clknet_5_30_0_clk (net)
                  0.17    0.00    1.49 ^ clkbuf_leaf_147_clk/A (sky130_fd_sc_hd__clkbuf_16)
                  0.05    0.19    1.68 ^ clkbuf_leaf_147_clk/X (sky130_fd_sc_hd__clkbuf_16)
    11    0.03                           clknet_leaf_147_clk (net)
                  0.05    0.00    1.68 ^ _31146_/CLK (sky130_fd_sc_hd__dfxtp_1)
                          0.25    1.93   clock uncertainty
                         -0.09    1.83   clock reconvergence pessimism
                         -0.03    1.80   library hold time
                                  1.80   data required time
-----------------------------------------------------------------------------
                                  1.80   data required time
                                 -1.82   data arrival time
-----------------------------------------------------------------------------
                                  0.02   slack (MET)


Startpoint: _31244_ (rising edge-triggered flip-flop clocked by clk)
Endpoint: _31485_ (rising edge-triggered flip-flop clocked by clk)
Path Group: clk
Path Type: min

Fanout     Cap    Slew   Delay    Time   Description
-----------------------------------------------------------------------------
                          0.00    0.00   clock clk (rise edge)
                          0.00    0.00   clock source latency
                  0.29    0.20    0.20 ^ clk (in)
     1    0.06                           clk (net)
                  0.30    0.00    0.20 ^ clkbuf_0_clk/A (sky130_fd_sc_hd__clkbuf_16)
                  0.05    0.19    0.40 ^ clkbuf_0_clk/X (sky130_fd_sc_hd__clkbuf_16)
     2    0.02                           clknet_0_clk (net)
                  0.05    0.00    0.40 ^ clkbuf_1_0_0_clk/A (sky130_fd_sc_hd__clkbuf_8)
                  0.03    0.11    0.51 ^ clkbuf_1_0_0_clk/X (sky130_fd_sc_hd__clkbuf_8)
     1    0.01                           clknet_1_0_0_clk (net)
                  0.03    0.00    0.51 ^ clkbuf_1_0_1_clk/A (sky130_fd_sc_hd__clkbuf_8)
                  0.06    0.13    0.64 ^ clkbuf_1_0_1_clk/X (sky130_fd_sc_hd__clkbuf_8)
     2    0.03                           clknet_1_0_1_clk (net)
                  0.06    0.00    0.64 ^ clkbuf_2_0_0_clk/A (sky130_fd_sc_hd__clkbuf_8)
                  0.03    0.11    0.75 ^ clkbuf_2_0_0_clk/X (sky130_fd_sc_hd__clkbuf_8)
     1    0.01                           clknet_2_0_0_clk (net)
                  0.03    0.00    0.75 ^ clkbuf_2_0_1_clk/A (sky130_fd_sc_hd__clkbuf_8)
                  0.05    0.12    0.87 ^ clkbuf_2_0_1_clk/X (sky130_fd_sc_hd__clkbuf_8)
     2    0.02                           clknet_2_0_1_clk (net)
                  0.05    0.00    0.87 ^ clkbuf_3_0_0_clk/A (sky130_fd_sc_hd__clkbuf_8)
                  0.05    0.13    1.00 ^ clkbuf_3_0_0_clk/X (sky130_fd_sc_hd__clkbuf_8)
     2    0.02                           clknet_3_0_0_clk (net)
                  0.05    0.00    1.00 ^ clkbuf_4_0_0_clk/A (sky130_fd_sc_hd__clkbuf_8)
                  0.05    0.12    1.13 ^ clkbuf_4_0_0_clk/X (sky130_fd_sc_hd__clkbuf_8)
     2    0.02                           clknet_4_0_0_clk (net)
                  0.05    0.00    1.13 ^ clkbuf_5_0_0_clk/A (sky130_fd_sc_hd__clkbuf_8)
                  0.12    0.18    1.31 ^ clkbuf_5_0_0_clk/X (sky130_fd_sc_hd__clkbuf_8)
     6    0.07                           clknet_5_0_0_clk (net)
                  0.12    0.00    1.31 ^ clkbuf_leaf_99_clk/A (sky130_fd_sc_hd__clkbuf_16)
                  0.04    0.14    1.45 ^ clkbuf_leaf_99_clk/X (sky130_fd_sc_hd__clkbuf_16)
     6    0.02                           clknet_leaf_99_clk (net)
                  0.04    0.00    1.45 ^ _31244_/CLK (sky130_fd_sc_hd__dfxtp_1)
                  0.06    0.30    1.75 ^ _31244_/Q (sky130_fd_sc_hd__dfxtp_1)
     2    0.01                           decoded_rd[1] (net)
                  0.06    0.00    1.75 ^ _29528_/B2 (sky130_fd_sc_hd__a22o_1)
                  0.04    0.11    1.86 ^ _29528_/X (sky130_fd_sc_hd__a22o_1)
     1    0.00                           _01242_ (net)
                  0.04    0.00    1.86 ^ _31485_/D (sky130_fd_sc_hd__dfxtp_4)
                                  1.86   data arrival time

                          0.00    0.00   clock clk (rise edge)
                          0.00    0.00   clock source latency
                  0.29    0.23    0.23 ^ clk (in)
     1    0.06                           clk (net)
                  0.30    0.00    0.23 ^ clkbuf_0_clk/A (sky130_fd_sc_hd__clkbuf_16)
                  0.05    0.21    0.44 ^ clkbuf_0_clk/X (sky130_fd_sc_hd__clkbuf_16)
     2    0.02                           clknet_0_clk (net)
                  0.05    0.00    0.44 ^ clkbuf_1_0_0_clk/A (sky130_fd_sc_hd__clkbuf_8)
                  0.03    0.12    0.56 ^ clkbuf_1_0_0_clk/X (sky130_fd_sc_hd__clkbuf_8)
     1    0.01                           clknet_1_0_0_clk (net)
                  0.03    0.00    0.56 ^ clkbuf_1_0_1_clk/A (sky130_fd_sc_hd__clkbuf_8)
                  0.06    0.14    0.70 ^ clkbuf_1_0_1_clk/X (sky130_fd_sc_hd__clkbuf_8)
     2    0.03                           clknet_1_0_1_clk (net)
                  0.06    0.00    0.70 ^ clkbuf_2_0_0_clk/A (sky130_fd_sc_hd__clkbuf_8)
                  0.03    0.13    0.83 ^ clkbuf_2_0_0_clk/X (sky130_fd_sc_hd__clkbuf_8)
     1    0.01                           clknet_2_0_0_clk (net)
                  0.03    0.00    0.83 ^ clkbuf_2_0_1_clk/A (sky130_fd_sc_hd__clkbuf_8)
                  0.05    0.14    0.97 ^ clkbuf_2_0_1_clk/X (sky130_fd_sc_hd__clkbuf_8)
     2    0.02                           clknet_2_0_1_clk (net)
                  0.05    0.00    0.97 ^ clkbuf_3_1_0_clk/A (sky130_fd_sc_hd__clkbuf_8)
                  0.05    0.14    1.11 ^ clkbuf_3_1_0_clk/X (sky130_fd_sc_hd__clkbuf_8)
     2    0.02                           clknet_3_1_0_clk (net)
                  0.05    0.00    1.11 ^ clkbuf_4_2_0_clk/A (sky130_fd_sc_hd__clkbuf_8)
                  0.05    0.14    1.25 ^ clkbuf_4_2_0_clk/X (sky130_fd_sc_hd__clkbuf_8)
     2    0.02                           clknet_4_2_0_clk (net)
                  0.05    0.00    1.25 ^ clkbuf_5_4_0_clk/A (sky130_fd_sc_hd__clkbuf_8)
                  0.14    0.22    1.46 ^ clkbuf_5_4_0_clk/X (sky130_fd_sc_hd__clkbuf_8)
     7    0.08                           clknet_5_4_0_clk (net)
                  0.14    0.00    1.47 ^ clkbuf_leaf_100_clk/A (sky130_fd_sc_hd__clkbuf_16)
                  0.04    0.16    1.63 ^ clkbuf_leaf_100_clk/X (sky130_fd_sc_hd__clkbuf_16)
     5    0.01                           clknet_leaf_100_clk (net)
                  0.04    0.00    1.63 ^ _31485_/CLK (sky130_fd_sc_hd__dfxtp_4)
                          0.25    1.88   clock uncertainty
                         -0.09    1.79   clock reconvergence pessimism
                         -0.03    1.75   library hold time
                                  1.75   data required time
-----------------------------------------------------------------------------
                                  1.75   data required time
                                 -1.86   data arrival time
-----------------------------------------------------------------------------
                                  0.10   slack (MET)


Startpoint: _31339_ (rising edge-triggered flip-flop clocked by clk)
Endpoint: _31145_ (rising edge-triggered flip-flop clocked by clk)
Path Group: clk
Path Type: min

Fanout     Cap    Slew   Delay    Time   Description
-----------------------------------------------------------------------------
                          0.00    0.00   clock clk (rise edge)
                          0.00    0.00   clock source latency
                  0.29    0.20    0.20 ^ clk (in)
     1    0.06                           clk (net)
                  0.30    0.00    0.20 ^ clkbuf_0_clk/A (sky130_fd_sc_hd__clkbuf_16)
                  0.05    0.19    0.40 ^ clkbuf_0_clk/X (sky130_fd_sc_hd__clkbuf_16)
     2    0.02                           clknet_0_clk (net)
                  0.05    0.00    0.40 ^ clkbuf_1_1_0_clk/A (sky130_fd_sc_hd__clkbuf_8)
                  0.03    0.11    0.51 ^ clkbuf_1_1_0_clk/X (sky130_fd_sc_hd__clkbuf_8)
     1    0.01                           clknet_1_1_0_clk (net)
                  0.03    0.00    0.51 ^ clkbuf_1_1_1_clk/A (sky130_fd_sc_hd__clkbuf_8)
                  0.06    0.13    0.64 ^ clkbuf_1_1_1_clk/X (sky130_fd_sc_hd__clkbuf_8)
     2    0.03                           clknet_1_1_1_clk (net)
                  0.06    0.00    0.64 ^ clkbuf_2_3_0_clk/A (sky130_fd_sc_hd__clkbuf_8)
                  0.03    0.11    0.75 ^ clkbuf_2_3_0_clk/X (sky130_fd_sc_hd__clkbuf_8)
     1    0.01                           clknet_2_3_0_clk (net)
                  0.03    0.00    0.75 ^ clkbuf_2_3_1_clk/A (sky130_fd_sc_hd__clkbuf_8)
                  0.05    0.12    0.88 ^ clkbuf_2_3_1_clk/X (sky130_fd_sc_hd__clkbuf_8)
     2    0.02                           clknet_2_3_1_clk (net)
                  0.05    0.00    0.88 ^ clkbuf_3_6_0_clk/A (sky130_fd_sc_hd__clkbuf_8)
                  0.05    0.13    1.01 ^ clkbuf_3_6_0_clk/X (sky130_fd_sc_hd__clkbuf_8)
     2    0.02                           clknet_3_6_0_clk (net)
                  0.05    0.00    1.01 ^ clkbuf_4_12_0_clk/A (sky130_fd_sc_hd__clkbuf_8)
                  0.05    0.12    1.13 ^ clkbuf_4_12_0_clk/X (sky130_fd_sc_hd__clkbuf_8)
     2    0.02                           clknet_4_12_0_clk (net)
                  0.05    0.00    1.13 ^ clkbuf_5_24_0_clk/A (sky130_fd_sc_hd__clkbuf_8)
                  0.14    0.19    1.32 ^ clkbuf_5_24_0_clk/X (sky130_fd_sc_hd__clkbuf_8)
     7    0.07                           clknet_5_24_0_clk (net)
                  0.14    0.00    1.32 ^ clkbuf_leaf_136_clk/A (sky130_fd_sc_hd__clkbuf_16)
                  0.04    0.15    1.47 ^ clkbuf_leaf_136_clk/X (sky130_fd_sc_hd__clkbuf_16)
     8    0.02                           clknet_leaf_136_clk (net)
                  0.04    0.00    1.47 ^ _31339_/CLK (sky130_fd_sc_hd__dfxtp_1)
                  0.04    0.28    1.76 ^ _31339_/Q (sky130_fd_sc_hd__dfxtp_1)
     1    0.00                           alu_add_sub[19] (net)
                  0.04    0.00    1.76 ^ _17277_/A1 (sky130_fd_sc_hd__a211o_1)
                  0.08    0.14    1.89 ^ _17277_/X (sky130_fd_sc_hd__a211o_1)
     1    0.01                           alu_out[19] (net)
                  0.08    0.00    1.89 ^ _31145_/D (sky130_fd_sc_hd__dfxtp_1)
                                  1.89   data arrival time

                          0.00    0.00   clock clk (rise edge)
                          0.00    0.00   clock source latency
                  0.29    0.23    0.23 ^ clk (in)
     1    0.06                           clk (net)
                  0.30    0.00    0.23 ^ clkbuf_0_clk/A (sky130_fd_sc_hd__clkbuf_16)
                  0.05    0.21    0.44 ^ clkbuf_0_clk/X (sky130_fd_sc_hd__clkbuf_16)
     2    0.02                           clknet_0_clk (net)
                  0.05    0.00    0.44 ^ clkbuf_1_1_0_clk/A (sky130_fd_sc_hd__clkbuf_8)
                  0.03    0.12    0.56 ^ clkbuf_1_1_0_clk/X (sky130_fd_sc_hd__clkbuf_8)
     1    0.01                           clknet_1_1_0_clk (net)
                  0.03    0.00    0.56 ^ clkbuf_1_1_1_clk/A (sky130_fd_sc_hd__clkbuf_8)
                  0.06    0.14    0.70 ^ clkbuf_1_1_1_clk/X (sky130_fd_sc_hd__clkbuf_8)
     2    0.03                           clknet_1_1_1_clk (net)
                  0.06    0.00    0.70 ^ clkbuf_2_3_0_clk/A (sky130_fd_sc_hd__clkbuf_8)
                  0.03    0.13    0.83 ^ clkbuf_2_3_0_clk/X (sky130_fd_sc_hd__clkbuf_8)
     1    0.01                           clknet_2_3_0_clk (net)
                  0.03    0.00    0.83 ^ clkbuf_2_3_1_clk/A (sky130_fd_sc_hd__clkbuf_8)
                  0.05    0.14    0.97 ^ clkbuf_2_3_1_clk/X (sky130_fd_sc_hd__clkbuf_8)
     2    0.02                           clknet_2_3_1_clk (net)
                  0.05    0.00    0.97 ^ clkbuf_3_7_0_clk/A (sky130_fd_sc_hd__clkbuf_8)
                  0.05    0.14    1.11 ^ clkbuf_3_7_0_clk/X (sky130_fd_sc_hd__clkbuf_8)
     2    0.02                           clknet_3_7_0_clk (net)
                  0.05    0.00    1.11 ^ clkbuf_4_15_0_clk/A (sky130_fd_sc_hd__clkbuf_8)
                  0.05    0.14    1.25 ^ clkbuf_4_15_0_clk/X (sky130_fd_sc_hd__clkbuf_8)
     2    0.02                           clknet_4_15_0_clk (net)
                  0.05    0.00    1.25 ^ clkbuf_5_30_0_clk/A (sky130_fd_sc_hd__clkbuf_8)
                  0.17    0.24    1.49 ^ clkbuf_5_30_0_clk/X (sky130_fd_sc_hd__clkbuf_8)
     9    0.10                           clknet_5_30_0_clk (net)
                  0.17    0.00    1.49 ^ clkbuf_leaf_150_clk/A (sky130_fd_sc_hd__clkbuf_16)
                  0.04    0.17    1.66 ^ clkbuf_leaf_150_clk/X (sky130_fd_sc_hd__clkbuf_16)
     5    0.01                           clknet_leaf_150_clk (net)
                  0.04    0.00    1.66 ^ _31145_/CLK (sky130_fd_sc_hd__dfxtp_1)
                          0.25    1.91   clock uncertainty
                         -0.09    1.82   clock reconvergence pessimism
                         -0.04    1.78   library hold time
                                  1.78   data required time
-----------------------------------------------------------------------------
                                  1.78   data required time
                                 -1.89   data arrival time
-----------------------------------------------------------------------------
                                  0.12   slack (MET)


Startpoint: _31338_ (rising edge-triggered flip-flop clocked by clk)
Endpoint: _31144_ (rising edge-triggered flip-flop clocked by clk)
Path Group: clk
Path Type: min

Fanout     Cap    Slew   Delay    Time   Description
-----------------------------------------------------------------------------
                          0.00    0.00   clock clk (rise edge)
                          0.00    0.00   clock source latency
                  0.29    0.20    0.20 ^ clk (in)
     1    0.06                           clk (net)
                  0.30    0.00    0.20 ^ clkbuf_0_clk/A (sky130_fd_sc_hd__clkbuf_16)
                  0.05    0.19    0.40 ^ clkbuf_0_clk/X (sky130_fd_sc_hd__clkbuf_16)
     2    0.02                           clknet_0_clk (net)
                  0.05    0.00    0.40 ^ clkbuf_1_1_0_clk/A (sky130_fd_sc_hd__clkbuf_8)
                  0.03    0.11    0.51 ^ clkbuf_1_1_0_clk/X (sky130_fd_sc_hd__clkbuf_8)
     1    0.01                           clknet_1_1_0_clk (net)
                  0.03    0.00    0.51 ^ clkbuf_1_1_1_clk/A (sky130_fd_sc_hd__clkbuf_8)
                  0.06    0.13    0.64 ^ clkbuf_1_1_1_clk/X (sky130_fd_sc_hd__clkbuf_8)
     2    0.03                           clknet_1_1_1_clk (net)
                  0.06    0.00    0.64 ^ clkbuf_2_3_0_clk/A (sky130_fd_sc_hd__clkbuf_8)
                  0.03    0.11    0.75 ^ clkbuf_2_3_0_clk/X (sky130_fd_sc_hd__clkbuf_8)
     1    0.01                           clknet_2_3_0_clk (net)
                  0.03    0.00    0.75 ^ clkbuf_2_3_1_clk/A (sky130_fd_sc_hd__clkbuf_8)
                  0.05    0.12    0.88 ^ clkbuf_2_3_1_clk/X (sky130_fd_sc_hd__clkbuf_8)
     2    0.02                           clknet_2_3_1_clk (net)
                  0.05    0.00    0.88 ^ clkbuf_3_6_0_clk/A (sky130_fd_sc_hd__clkbuf_8)
                  0.05    0.13    1.01 ^ clkbuf_3_6_0_clk/X (sky130_fd_sc_hd__clkbuf_8)
     2    0.02                           clknet_3_6_0_clk (net)
                  0.05    0.00    1.01 ^ clkbuf_4_12_0_clk/A (sky130_fd_sc_hd__clkbuf_8)
                  0.05    0.12    1.13 ^ clkbuf_4_12_0_clk/X (sky130_fd_sc_hd__clkbuf_8)
     2    0.02                           clknet_4_12_0_clk (net)
                  0.05    0.00    1.13 ^ clkbuf_5_24_0_clk/A (sky130_fd_sc_hd__clkbuf_8)
                  0.14    0.19    1.32 ^ clkbuf_5_24_0_clk/X (sky130_fd_sc_hd__clkbuf_8)
     7    0.07                           clknet_5_24_0_clk (net)
                  0.14    0.00    1.32 ^ clkbuf_leaf_136_clk/A (sky130_fd_sc_hd__clkbuf_16)
                  0.04    0.15    1.47 ^ clkbuf_leaf_136_clk/X (sky130_fd_sc_hd__clkbuf_16)
     8    0.02                           clknet_leaf_136_clk (net)
                  0.04    0.00    1.47 ^ _31338_/CLK (sky130_fd_sc_hd__dfxtp_1)
                  0.04    0.29    1.76 ^ _31338_/Q (sky130_fd_sc_hd__dfxtp_1)
     1    0.00                           alu_add_sub[18] (net)
                  0.04    0.00    1.76 ^ _17272_/A1 (sky130_fd_sc_hd__a211o_1)
                  0.09    0.14    1.90 ^ _17272_/X (sky130_fd_sc_hd__a211o_1)
     1    0.01                           alu_out[18] (net)
                  0.09    0.00    1.90 ^ _31144_/D (sky130_fd_sc_hd__dfxtp_1)
                                  1.90   data arrival time

                          0.00    0.00   clock clk (rise edge)
                          0.00    0.00   clock source latency
                  0.29    0.23    0.23 ^ clk (in)
     1    0.06                           clk (net)
                  0.30    0.00    0.23 ^ clkbuf_0_clk/A (sky130_fd_sc_hd__clkbuf_16)
                  0.05    0.21    0.44 ^ clkbuf_0_clk/X (sky130_fd_sc_hd__clkbuf_16)
     2    0.02                           clknet_0_clk (net)
                  0.05    0.00    0.44 ^ clkbuf_1_1_0_clk/A (sky130_fd_sc_hd__clkbuf_8)
                  0.03    0.12    0.56 ^ clkbuf_1_1_0_clk/X (sky130_fd_sc_hd__clkbuf_8)
     1    0.01                           clknet_1_1_0_clk (net)
                  0.03    0.00    0.56 ^ clkbuf_1_1_1_clk/A (sky130_fd_sc_hd__clkbuf_8)
                  0.06    0.14    0.70 ^ clkbuf_1_1_1_clk/X (sky130_fd_sc_hd__clkbuf_8)
     2    0.03                           clknet_1_1_1_clk (net)
                  0.06    0.00    0.70 ^ clkbuf_2_3_0_clk/A (sky130_fd_sc_hd__clkbuf_8)
                  0.03    0.13    0.83 ^ clkbuf_2_3_0_clk/X (sky130_fd_sc_hd__clkbuf_8)
     1    0.01                           clknet_2_3_0_clk (net)
                  0.03    0.00    0.83 ^ clkbuf_2_3_1_clk/A (sky130_fd_sc_hd__clkbuf_8)
                  0.05    0.14    0.97 ^ clkbuf_2_3_1_clk/X (sky130_fd_sc_hd__clkbuf_8)
     2    0.02                           clknet_2_3_1_clk (net)
                  0.05    0.00    0.97 ^ clkbuf_3_7_0_clk/A (sky130_fd_sc_hd__clkbuf_8)
                  0.05    0.14    1.11 ^ clkbuf_3_7_0_clk/X (sky130_fd_sc_hd__clkbuf_8)
     2    0.02                           clknet_3_7_0_clk (net)
                  0.05    0.00    1.11 ^ clkbuf_4_15_0_clk/A (sky130_fd_sc_hd__clkbuf_8)
                  0.05    0.14    1.25 ^ clkbuf_4_15_0_clk/X (sky130_fd_sc_hd__clkbuf_8)
     2    0.02                           clknet_4_15_0_clk (net)
                  0.05    0.00    1.25 ^ clkbuf_5_30_0_clk/A (sky130_fd_sc_hd__clkbuf_8)
                  0.17    0.24    1.49 ^ clkbuf_5_30_0_clk/X (sky130_fd_sc_hd__clkbuf_8)
     9    0.10                           clknet_5_30_0_clk (net)
                  0.17    0.00    1.49 ^ clkbuf_leaf_149_clk/A (sky130_fd_sc_hd__clkbuf_16)
                  0.04    0.18    1.67 ^ clkbuf_leaf_149_clk/X (sky130_fd_sc_hd__clkbuf_16)
     8    0.02                           clknet_leaf_149_clk (net)
                  0.04    0.00    1.67 ^ _31144_/CLK (sky130_fd_sc_hd__dfxtp_1)
                          0.25    1.92   clock uncertainty
                         -0.09    1.82   clock reconvergence pessimism
                         -0.04    1.78   library hold time
                                  1.78   data required time
-----------------------------------------------------------------------------
                                  1.78   data required time
                                 -1.90   data arrival time
-----------------------------------------------------------------------------
                                  0.12   slack (MET)


